2024-07-17 05:42:36 - 400 Bad Request: The browser (or proxy) sent a request that this server could not understand.
Traceback (most recent call last):
  File "/home/runner/GradeCalc/main.py", line 82, in calculate
    percentage = float(request.form[f'percentage_{i}'])
  File "/home/runner/GradeCalc/.pythonlibs/lib/python3.10/site-packages/werkzeug/datastructures/structures.py", line 196, in __getitem__
    raise exceptions.BadRequestKeyError(key)
werkzeug.exceptions.BadRequestKeyError: 400 Bad Request: The browser (or proxy) sent a request that this server could not understand.

2024-07-17 06:24:04 - 400 Bad Request: The browser (or proxy) sent a request that this server could not understand.
Traceback (most recent call last):
  File "/home/runner/GradeCalc/main.py", line 82, in calculate
    percentage = float(request.form[f'percentage_{i}'])
  File "/home/runner/GradeCalc/.pythonlibs/lib/python3.10/site-packages/werkzeug/datastructures/structures.py", line 196, in __getitem__
    raise exceptions.BadRequestKeyError(key)
werkzeug.exceptions.BadRequestKeyError: 400 Bad Request: The browser (or proxy) sent a request that this server could not understand.

2024-07-17 06:24:40 - 400 Bad Request: The browser (or proxy) sent a request that this server could not understand.
Traceback (most recent call last):
  File "/home/runner/GradeCalc/main.py", line 82, in calculate
    percentage = float(request.form[f'percentage_{i}'])
  File "/home/runner/GradeCalc/.pythonlibs/lib/python3.10/site-packages/werkzeug/datastructures/structures.py", line 196, in __getitem__
    raise exceptions.BadRequestKeyError(key)
werkzeug.exceptions.BadRequestKeyError: 400 Bad Request: The browser (or proxy) sent a request that this server could not understand.

2024-07-17 06:28:54 - 400 Bad Request: The browser (or proxy) sent a request that this server could not understand.
Traceback (most recent call last):
  File "/home/runner/GradeCalc/main.py", line 82, in calculate
    percentage = float(request.form[f'percentage_{i}'])
  File "/home/runner/GradeCalc/.pythonlibs/lib/python3.10/site-packages/werkzeug/datastructures/structures.py", line 196, in __getitem__
    raise exceptions.BadRequestKeyError(key)
werkzeug.exceptions.BadRequestKeyError: 400 Bad Request: The browser (or proxy) sent a request that this server could not understand.

2024-07-17 21:21:23 - 400 Bad Request: The browser (or proxy) sent a request that this server could not understand.
Traceback (most recent call last):
  File "/home/runner/GradeCalc/main.py", line 82, in calculate
    percentage = float(request.form[f'percentage_{i}'])
  File "/home/runner/GradeCalc/.pythonlibs/lib/python3.10/site-packages/werkzeug/datastructures/structures.py", line 196, in __getitem__
    raise exceptions.BadRequestKeyError(key)
werkzeug.exceptions.BadRequestKeyError: 400 Bad Request: The browser (or proxy) sent a request that this server could not understand.

2024-07-17 21:21:41 - 400 Bad Request: The browser (or proxy) sent a request that this server could not understand.
Traceback (most recent call last):
  File "/home/runner/GradeCalc/main.py", line 82, in calculate
    percentage = float(request.form[f'percentage_{i}'])
  File "/home/runner/GradeCalc/.pythonlibs/lib/python3.10/site-packages/werkzeug/datastructures/structures.py", line 196, in __getitem__
    raise exceptions.BadRequestKeyError(key)
werkzeug.exceptions.BadRequestKeyError: 400 Bad Request: The browser (or proxy) sent a request that this server could not understand.

2024-07-17 21:21:43 - 400 Bad Request: The browser (or proxy) sent a request that this server could not understand.
Traceback (most recent call last):
  File "/home/runner/GradeCalc/main.py", line 82, in calculate
    percentage = float(request.form[f'percentage_{i}'])
  File "/home/runner/GradeCalc/.pythonlibs/lib/python3.10/site-packages/werkzeug/datastructures/structures.py", line 196, in __getitem__
    raise exceptions.BadRequestKeyError(key)
werkzeug.exceptions.BadRequestKeyError: 400 Bad Request: The browser (or proxy) sent a request that this server could not understand.

2024-07-18 04:57:37 - 400 Bad Request: The browser (or proxy) sent a request that this server could not understand.
Traceback (most recent call last):
  File "/home/runner/GradeCalc/main.py", line 82, in calculate
    percentage = float(request.form[f'percentage_{i}'])
  File "/home/runner/GradeCalc/.pythonlibs/lib/python3.10/site-packages/werkzeug/datastructures/structures.py", line 196, in __getitem__
    raise exceptions.BadRequestKeyError(key)
werkzeug.exceptions.BadRequestKeyError: 400 Bad Request: The browser (or proxy) sent a request that this server could not understand.

2024-07-18 04:58:46 - 400 Bad Request: The browser (or proxy) sent a request that this server could not understand.
Traceback (most recent call last):
  File "/home/runner/GradeCalc/main.py", line 82, in calculate
    percentage = float(request.form[f'percentage_{i}'])
  File "/home/runner/GradeCalc/.pythonlibs/lib/python3.10/site-packages/werkzeug/datastructures/structures.py", line 196, in __getitem__
    raise exceptions.BadRequestKeyError(key)
werkzeug.exceptions.BadRequestKeyError: 400 Bad Request: The browser (or proxy) sent a request that this server could not understand.

2024-07-18 04:59:41 - 400 Bad Request: The browser (or proxy) sent a request that this server could not understand.
Traceback (most recent call last):
  File "/home/runner/GradeCalc/main.py", line 82, in calculate
    percentage = float(request.form[f'percentage_{i}'])
  File "/home/runner/GradeCalc/.pythonlibs/lib/python3.10/site-packages/werkzeug/datastructures/structures.py", line 196, in __getitem__
    raise exceptions.BadRequestKeyError(key)
werkzeug.exceptions.BadRequestKeyError: 400 Bad Request: The browser (or proxy) sent a request that this server could not understand.

2024-07-18 05:10:29 - could not convert string to float: ''
Traceback (most recent call last):
  File "/home/runner/GradeCalc/main.py", line 83, in calculate
    weight = float(request.form.get(f'weight_{i}', 1))
ValueError: could not convert string to float: ''

2024-07-18 05:10:51 - could not convert string to float: ''
Traceback (most recent call last):
  File "/home/runner/GradeCalc/main.py", line 83, in calculate
    weight = float(request.form.get(f'weight_{i}', 1))
ValueError: could not convert string to float: ''

2024-07-18 05:30:19 - 400 Bad Request: The browser (or proxy) sent a request that this server could not understand.
Traceback (most recent call last):
  File "/home/runner/GradeCalc/main.py", line 82, in calculate
    percentage = float(request.form[f'percentage_{i}'])
  File "/home/runner/GradeCalc/.pythonlibs/lib/python3.10/site-packages/werkzeug/datastructures/structures.py", line 196, in __getitem__
    raise exceptions.BadRequestKeyError(key)
werkzeug.exceptions.BadRequestKeyError: 400 Bad Request: The browser (or proxy) sent a request that this server could not understand.

